{"schema_version":"1.51","repository":{"path":"<ROOT>/.tskflwctl.toml","dir":"<ROOT>","planning_root":"<ROOT>","mode":"scaffold","taskflow_root":".","id":"6fjangd7kvhz","tracked_repos":[],"theme":{"name":"catppuccin"},"pager":{"enabled":false,"command":"delta"},"pending_migrations":[]},"user":{"path":"<CONFIG_HOME>/config.toml","exists":false,"theme":{},"pager":{},"registry_path":"<CONFIG_HOME>/spaces.toml"},"effective":{"theme":{"value":"catppuccin","source":"repository"},"pager_enabled":{"value":false,"source":"repository"},"pager_command":{"value":"delta","source":"repository"}}}
