{"schema_version":"1.23","epic":{"id":"01-fixture-epic","status":"active","description":"A fixture epic for golden snapshots","priority":"high","created":"2026-01-01","tags":["fixture"]},"tasks":[{"slug":"alpha-task","status":"ready-to-start","epic":"01-fixture-epic","description":"A fully specified ready-to-start task for golden snapshots","effort":"S","tier":2,"priority":"high","autonomy_level":3,"created":"2026-01-02","updated_at":"2026-01-03","tags":["cli","testing"]},{"slug":"beta-task","status":"in-progress","epic":"01-fixture-epic","description":"An in-progress fixture task","effort":"M","tier":3,"priority":"medium","autonomy_level":2,"created":"2026-01-02","updated_at":"2026-01-03","tags":["cli"]},{"slug":"gamma-task","status":"completed","epic":"01-fixture-epic","description":"A completed fixture task","tier":1,"priority":"low","created":"2026-01-01","updated_at":"2026-01-02","tags":["docs"]}],"body":"# Fixture Epic\n\nThe epic that the fixture tasks roll up into.\n"}
