{"schema_version":"1.16","counts":[{"status":"next-up","count":0},{"status":"ready-to-start","count":1},{"status":"in-progress","count":1},{"status":"completed","count":1},{"status":"deprecated","count":0},{"status":"deferred","count":0}],"in_progress":[{"slug":"beta-task","status":"in-progress","epic":"01-fixture-epic","description":"An in-progress fixture task","effort":"M","tier":3,"priority":"medium","autonomy_level":2,"created":"2026-01-02","updated_at":"2026-01-03","tags":["cli"]}],"epics":[{"id":"01-fixture-epic","status":"active","description":"A fixture epic for golden snapshots","priority":"high","created":"2026-01-01","tags":["fixture"],"total":3,"done":1,"percent":33,"deprecated":0}],"open_audits":[{"slug":"2026-01-02-fixture-area","bucket":"open","area":"fixture-area","date":"2026-01-02","findings":2,"open_findings":1,"in_progress_findings":0,"done_findings":1,"dropped_findings":0}],"misfiled":0,"revisit_due":0}
