{"schema_version":"1.59","task":{"task_id":"6fjangd7kvh2","slug":"gamma-task","status":"completed","epic":"01-fixture-epic"},"state":{"role":"nominally-complete","gate":"clear","soundly_completed":true,"eligible":false,"drained":true,"inconsistent":false},"health":"healthy","unblocks":[{"task":{"task_id":"6fjangd7kvh0","slug":"alpha-task","status":"ready-to-start","epic":"01-fixture-epic"},"state":{"role":"candidate","gate":"clear","soundly_completed":false,"eligible":true,"drained":false,"inconsistent":false},"path":["6fjangd7kvh2","6fjangd7kvh0"],"direct":true}],"problems":[],"legacy_dependencies":[]}
