{"schema_version":"1.64","task_id":"6fjangd7kvh0","from_slug":"alpha-task","to_slug":"renamed-alpha-task","planned_documents":2,"applied_documents":0,"planned_links":1,"applied_links":0,"changed":true,"dry_run":true,"committed":false,"complete":false,"destination_written":false,"source_removed":false,"workspace":{"planning_root":"<ROOT>","repo_id":"6fjangd7kvhz","config_path":"<ROOT>/.tskflwctl.toml","source":"config"},"task":{"id":"6fjangd7kvh0","slug":"renamed-alpha-task","status":"ready-to-start","epic":"01-fixture-epic","description":"A fully specified ready-to-start task for golden snapshots","effort":"S","tier":2,"priority":"high","autonomy_level":3,"created":"2026-01-02","updated_at":"2026-01-03","tags":["cli","testing"],"depends_on":["6fjangd7kvh2"]}}
