{"schema_version":"1.55","task":{"task_id":"6fjangd7kvh0","slug":"alpha-task","status":"ready-to-start","epic":"01-fixture-epic"},"state":{"role":"candidate","gate":"clear","soundly_completed":false,"eligible":true,"drained":false,"inconsistent":false},"projection":"frontier","health":"healthy","blockers":[],"problems":[],"legacy_dependencies":[]}
