{"schema_version":"1.24","task":{"id":"6fjangd7kvh0","slug":"alpha-task","status":"ready-to-start","epic":"01-fixture-epic","description":"A fully specified ready-to-start task for golden snapshots","effort":"S","tier":2,"priority":"high","autonomy_level":3,"created":"2026-01-02","updated_at":"2026-01-03","tags":["cli","testing"]},"body":"# Alpha Task\n\nBody for the alpha fixture task.\n"}
