slug,status,tier,priority,epic,updated,description
alpha-task,ready-to-start,2,high,01-fixture-epic,2026-01-03,A fully specified ready-to-start task for golden snapshots
beta-task,in-progress,3,medium,01-fixture-epic,2026-01-03,An in-progress fixture task
gamma-task,completed,1,low,01-fixture-epic,2026-01-02,A completed fixture task
