{"schema_version":"1.20","templates":[{"kind":"task","name":"default","description":"Standard task scaffold: objective, acceptance criteria, out-of-scope, related epic."},{"kind":"epic","name":"default","description":"Standard epic scaffold: goal, why-it's-its-own-epic, out-of-scope."},{"kind":"audit","name":"default","description":"Standard audit scaffold: findings + candidate tasks."},{"kind":"audit","name":"security","description":"Security review: threat model, checklist, severity-tagged findings."}]}
